// Jest Snapshot v1, https://goo.gl/fbAQLP

exports[`Headline component test Headline snapshot 1`] = `
Object {
  "asFragment": [Function],
  "baseElement": <body>
    <div>
      <div
        class="flex ma0 justify-center items-center relative"
        id="headline"
      >
        <img
          alt="map"
          class="db o-30 w-auto-ns w-50 h-100-ns h-50"
          src="https://mapsvg.com/static/maps/geo-calibrated/world-map.svg"
        />
        <img
          alt="map"
          class="dn o-30 w-auto-ns w-50 h-100-ns h-50"
          src="#"
        />
        <h1
          class="white f2-l f4-m f4-ns f5"
          style="font-family: 'Gill Sans', sans-serif;"
        >
          Covid Statistics
          <span
            class="db"
          >
            around the world
          </span>
        </h1>
        <input
          class="absolute f5 b self-end br4 bab--black pa1 pl3 pr2 bg-white"
          placeholder="Search Country"
          style="border-width: 2px;"
          type="text"
          value=""
        />
      </div>
    </div>
  </body>,
  "container": <div>
    <div
      class="flex ma0 justify-center items-center relative"
      id="headline"
    >
      <img
        alt="map"
        class="db o-30 w-auto-ns w-50 h-100-ns h-50"
        src="https://mapsvg.com/static/maps/geo-calibrated/world-map.svg"
      />
      <img
        alt="map"
        class="dn o-30 w-auto-ns w-50 h-100-ns h-50"
        src="#"
      />
      <h1
        class="white f2-l f4-m f4-ns f5"
        style="font-family: 'Gill Sans', sans-serif;"
      >
        Covid Statistics
        <span
          class="db"
        >
          around the world
        </span>
      </h1>
      <input
        class="absolute f5 b self-end br4 bab--black pa1 pl3 pr2 bg-white"
        placeholder="Search Country"
        style="border-width: 2px;"
        type="text"
        value=""
      />
    </div>
  </div>,
  "debug": [Function],
  "findAllByAltText": [Function],
  "findAllByDisplayValue": [Function],
  "findAllByLabelText": [Function],
  "findAllByPlaceholderText": [Function],
  "findAllByRole": [Function],
  "findAllByTestId": [Function],
  "findAllByText": [Function],
  "findAllByTitle": [Function],
  "findByAltText": [Function],
  "findByDisplayValue": [Function],
  "findByLabelText": [Function],
  "findByPlaceholderText": [Function],
  "findByRole": [Function],
  "findByTestId": [Function],
  "findByText": [Function],
  "findByTitle": [Function],
  "getAllByAltText": [Function],
  "getAllByDisplayValue": [Function],
  "getAllByLabelText": [Function],
  "getAllByPlaceholderText": [Function],
  "getAllByRole": [Function],
  "getAllByTestId": [Function],
  "getAllByText": [Function],
  "getAllByTitle": [Function],
  "getByAltText": [Function],
  "getByDisplayValue": [Function],
  "getByLabelText": [Function],
  "getByPlaceholderText": [Function],
  "getByRole": [Function],
  "getByTestId": [Function],
  "getByText": [Function],
  "getByTitle": [Function],
  "queryAllByAltText": [Function],
  "queryAllByDisplayValue": [Function],
  "queryAllByLabelText": [Function],
  "queryAllByPlaceholderText": [Function],
  "queryAllByRole": [Function],
  "queryAllByTestId": [Function],
  "queryAllByText": [Function],
  "queryAllByTitle": [Function],
  "queryByAltText": [Function],
  "queryByDisplayValue": [Function],
  "queryByLabelText": [Function],
  "queryByPlaceholderText": [Function],
  "queryByRole": [Function],
  "queryByTestId": [Function],
  "queryByText": [Function],
  "queryByTitle": [Function],
  "rerender": [Function],
  "unmount": [Function],
}
`;
